// Jest Snapshot v1, https://goo.gl/fbAQLP

exports[`Pruebas generales del componente Simple Se realiza comparacion con snapshot 1`] = `
<div>
  <h1>
    Hello Word
  </h1>
  <h4>
    Final de Cuatri
  </h4>
  <p />
</div>
`;
